2026-10-03 20:32:42.288 | INFO     | __main__:main:32 - Запуск бота...
2026-10-03 20:32:42.407 | INFO     | __main__:main:47 - Бот запущен и готов к работе!
2026-10-03 20:35:05.369 | INFO     | __main__:main:54 - Сессия бота закрыта.
2026-10-03 20:35:05.371 | INFO     | __main__:<module>:61 - Бот остановлен вручную.
2026-10-03 20:41:24.606 | INFO     | __main__:main:32 - Запуск бота...
2026-10-03 20:41:24.631 | INFO     | __main__:main:47 - Бот запущен и готов к работе!
2026-10-03 20:41:45.948 | INFO     | __main__:main:54 - Сессия бота закрыта.
2026-10-03 20:41:45.949 | CRITICAL | __main__:<module>:63 - Критическая ошибка при запуске: HTTP Client says - ClientConnectorError: Cannot connect to host api.telegram.org:443 ssl:default [Превышен таймаут семафора]
2026-10-03 20:41:54.330 | INFO     | __main__:main:32 - Запуск бота...
2026-10-03 20:41:54.350 | INFO     | __main__:main:47 - Бот запущен и готов к работе!
2026-10-03 20:44:03.981 | INFO     | __main__:main:54 - Сессия бота закрыта.
2026-10-03 20:44:03.983 | INFO     | __main__:<module>:61 - Бот остановлен вручную.
2026-10-03 20:49:12.814 | INFO     | __main__:main:32 - Запуск бота...
2026-10-03 20:49:12.833 | INFO     | __main__:main:47 - Бот запущен и готов к работе!
2026-10-03 20:49:55.682 | INFO     | __main__:main:54 - Сессия бота закрыта.
2026-10-03 20:49:55.684 | INFO     | __main__:<module>:61 - Бот остановлен вручную.
2026-10-03 20:51:46.041 | INFO     | __main__:main:32 - Запуск бота...
2026-10-03 20:51:46.061 | INFO     | __main__:main:47 - Бот запущен и готов к работе!
2026-10-03 20:52:45.733 | INFO     | __main__:main:54 - Сессия бота закрыта.
2026-10-03 20:52:45.737 | INFO     | __main__:<module>:61 - Бот остановлен вручную.
2026-10-03 20:54:25.159 | INFO     | __main__:main:32 - Запуск бота...
2026-10-03 20:54:25.178 | INFO     | __main__:main:47 - Бот запущен и готов к работе!
2026-10-03 20:54:42.102 | INFO     | __main__:main:54 - Сессия бота закрыта.
2026-10-03 20:54:42.104 | INFO     | __main__:<module>:61 - Бот остановлен вручную.
2026-10-03 21:06:24.231 | INFO     | __main__:main:32 - Запуск бота...
2026-10-03 21:06:24.250 | INFO     | __main__:main:47 - Бот запущен и готов к работе!
2026-10-03 21:07:19.814 | INFO     | __main__:main:54 - Сессия бота закрыта.
2026-10-03 21:07:19.815 | INFO     | __main__:<module>:61 - Бот остановлен вручную.
2026-10-03 21:07:26.557 | INFO     | __main__:main:32 - Запуск бота...
2026-10-03 21:07:26.576 | INFO     | __main__:main:47 - Бот запущен и готов к работе!
2026-10-03 21:08:06.626 | INFO     | __main__:main:54 - Сессия бота закрыта.
2026-10-03 21:08:06.629 | INFO     | __main__:<module>:61 - Бот остановлен вручную.
2026-10-03 21:50:08.391 | INFO     | __main__:main:32 - Запуск бота...
2026-10-03 21:50:08.411 | INFO     | __main__:main:47 - Бот запущен и готов к работе!
2026-10-03 21:50:29.718 | INFO     | __main__:main:54 - Сессия бота закрыта.
2026-10-03 21:50:29.719 | CRITICAL | __main__:<module>:63 - Критическая ошибка при запуске: HTTP Client says - ClientConnectorError: Cannot connect to host api.telegram.org:443 ssl:default [Превышен таймаут семафора]
2026-10-03 21:50:38.833 | INFO     | __main__:main:32 - Запуск бота...
2026-10-03 21:50:38.853 | INFO     | __main__:main:47 - Бот запущен и готов к работе!
2026-10-03 21:51:00.177 | INFO     | __main__:main:54 - Сессия бота закрыта.
2026-10-03 21:51:00.178 | CRITICAL | __main__:<module>:63 - Критическая ошибка при запуске: HTTP Client says - ClientConnectorError: Cannot connect to host api.telegram.org:443 ssl:default [Превышен таймаут семафора]
2026-10-03 21:51:54.120 | INFO     | __main__:main:32 - Запуск бота...
2026-10-03 21:51:54.140 | INFO     | __main__:main:47 - Бот запущен и готов к работе!
2026-10-03 22:04:19.141 | INFO     | __main__:main:54 - Сессия бота закрыта.
2026-10-03 22:04:19.143 | INFO     | __main__:<module>:61 - Бот остановлен вручную.
2026-10-03 22:04:27.072 | INFO     | __main__:main:32 - Запуск бота...
2026-10-03 22:04:27.123 | INFO     | __main__:main:47 - Бот запущен и готов к работе!
2026-10-03 22:04:48.449 | INFO     | __main__:main:54 - Сессия бота закрыта.
2026-10-03 22:04:48.451 | CRITICAL | __main__:<module>:63 - Критическая ошибка при запуске: HTTP Client says - ClientConnectorError: Cannot connect to host api.telegram.org:443 ssl:default [Превышен таймаут семафора]
2026-10-03 22:04:56.597 | INFO     | __main__:main:32 - Запуск бота...
2026-10-03 22:04:56.618 | INFO     | __main__:main:47 - Бот запущен и готов к работе!
2026-10-03 22:06:06.303 | INFO     | __main__:main:54 - Сессия бота закрыта.
2026-10-03 22:06:06.305 | INFO     | __main__:<module>:61 - Бот остановлен вручную.
2026-10-03 22:06:13.101 | INFO     | __main__:main:32 - Запуск бота...
2026-10-03 22:06:13.125 | INFO     | __main__:main:47 - Бот запущен и готов к работе!
2026-10-03 22:08:01.163 | INFO     | __main__:main:54 - Сессия бота закрыта.
2026-10-03 22:08:01.166 | INFO     | __main__:<module>:61 - Бот остановлен вручную.
2026-10-03 22:22:57.743 | INFO     | __main__:main:32 - Запуск бота...
2026-10-03 22:22:57.765 | INFO     | __main__:main:47 - Бот запущен и готов к работе!
2026-10-03 22:23:13.613 | INFO     | __main__:main:54 - Сессия бота закрыта.
2026-10-03 22:23:13.617 | INFO     | __main__:<module>:61 - Бот остановлен вручную.
2026-10-03 22:25:02.214 | INFO     | __main__:main:32 - Запуск бота...
2026-10-03 22:25:02.233 | INFO     | __main__:main:47 - Бот запущен и готов к работе!
2026-10-03 22:26:57.652 | INFO     | __main__:main:54 - Сессия бота закрыта.
2026-10-03 22:26:57.654 | INFO     | __main__:<module>:61 - Бот остановлен вручную.
2026-10-03 22:37:27.388 | INFO     | __main__:main:32 - Запуск бота...
2026-10-03 22:37:27.414 | INFO     | __main__:main:47 - Бот запущен и готов к работе!
2026-10-03 22:58:36.026 | INFO     | __main__:main:54 - Сессия бота закрыта.
2026-10-03 22:58:36.029 | INFO     | __main__:<module>:61 - Бот остановлен вручную.
2026-10-03 22:58:43.141 | INFO     | __main__:main:32 - Запуск бота...
2026-10-03 22:58:43.163 | INFO     | __main__:main:47 - Бот запущен и готов к работе!
2026-10-03 22:59:07.262 | INFO     | __main__:main:54 - Сессия бота закрыта.
2026-10-03 22:59:07.264 | INFO     | __main__:<module>:61 - Бот остановлен вручную.
2026-10-03 22:59:14.441 | INFO     | __main__:main:32 - Запуск бота...
2026-10-03 22:59:14.462 | INFO     | __main__:main:47 - Бот запущен и готов к работе!
2026-10-03 22:59:15.158 | INFO     | __main__:main:54 - Сессия бота закрыта.
2026-10-03 22:59:15.161 | CRITICAL | __main__:<module>:63 - Критическая ошибка при запуске: HTTP Client says - ClientConnectorError: Cannot connect to host api.telegram.org:443 ssl:default [None]
2026-10-03 22:59:26.480 | INFO     | __main__:main:32 - Запуск бота...
2026-10-03 22:59:26.512 | INFO     | __main__:main:47 - Бот запущен и готов к работе!
2026-10-03 22:59:47.835 | INFO     | __main__:main:54 - Сессия бота закрыта.
2026-10-03 22:59:47.837 | CRITICAL | __main__:<module>:63 - Критическая ошибка при запуске: HTTP Client says - ClientConnectorError: Cannot connect to host api.telegram.org:443 ssl:default [Превышен таймаут семафора]
2026-10-03 22:59:59.623 | INFO     | __main__:main:32 - Запуск бота...
2026-10-03 22:59:59.646 | INFO     | __main__:main:47 - Бот запущен и готов к работе!
2026-10-03 23:00:19.248 | INFO     | __main__:main:54 - Сессия бота закрыта.
2026-10-03 23:00:19.249 | CRITICAL | __main__:<module>:63 - Критическая ошибка при запуске: HTTP Client says - ClientConnectorError: Cannot connect to host api.telegram.org:443 ssl:default [Указанное сетевое имя более недоступно]
2026-10-04 12:18:55.225 | INFO     | __main__:main:32 - Запуск бота...
2026-10-04 12:18:55.257 | INFO     | __main__:main:47 - Бот запущен и готов к работе!
2026-10-04 12:19:16.579 | INFO     | __main__:main:54 - Сессия бота закрыта.
2026-10-04 12:19:16.580 | CRITICAL | __main__:<module>:63 - Критическая ошибка при запуске: HTTP Client says - ClientConnectorError: Cannot connect to host api.telegram.org:443 ssl:default [Превышен таймаут семафора]
2026-10-04 12:19:56.441 | INFO     | __main__:main:32 - Запуск бота...
2026-10-04 12:19:56.460 | INFO     | __main__:main:47 - Бот запущен и готов к работе!
2026-10-04 12:22:20.242 | INFO     | __main__:<module>:61 - Бот остановлен вручную.
2026-10-04 12:22:38.114 | INFO     | __main__:main:32 - Запуск бота...
2026-10-04 12:22:38.134 | INFO     | __main__:main:47 - Бот запущен и готов к работе!
2026-10-04 12:23:24.755 | INFO     | __main__:<module>:61 - Бот остановлен вручную.
